<html>
<body>
<pre>
<h1>µVision Build Log</h1>
<h2>Tool Versions:</h2>
IDE-Version: µVision V5.43.1.0
Copyright (C) 2025 ARM Ltd and ARM Germany GmbH. All rights reserved.
License Information: Yeasin Khan, St Cloud State University, LIC=----
 
Tool Versions:
Toolchain:       MDK-Lite  Version: 5.43.0.0
Toolchain Path:  C:\Users\yhdur\AppData\Local\Keil_v5\ARM\ARMCLANG\Bin
C Compiler:      ArmClang.exe V6.24
Assembler:       Armasm.exe V6.24
Linker/Locator:  ArmLink.exe V6.24
Library Manager: ArmAr.exe V6.24
Hex Converter:   FromElf.exe V6.24
CPU DLL:         SARMCM3.DLL V5.43.0.0
Dialog DLL:      DARMP1.DLL V1.28.1.0
Target DLL:      STLink\ST-LINKIII-KEIL_SWO.dll V3.3.1.0
Dialog DLL:      TARMP1.DLL V1.27.1.0
 
<h2>Project:</h2>
S:\Courses\Ece323\Midterm\Program\Level 2\Midterm_v2\lab6.uvproj
Project File Date:  08/26/2025

<h2>Output:</h2>
*** Using Compiler 'V6.24', folder: 'C:\Users\yhdur\AppData\Local\Keil_v5\ARM\ARMCLANG\Bin'
Rebuild target 'Target 1'
assembling DisplayMemLoc.s...
assembling DisplayT0.s...
assembling ChannelLoc.s...
assembling DisplayRecall.s...
assembling BusyWait.s...
assembling startup_LPC11xx.s...
assembling DisplayChan.s...
assembling DisplayT1.s...
assembling LCD_data.s...
assembling LCD_command.s...
assembling LCD_init1.s...
"Keypad_init.s", line 62: Warning: A1581W: Added 2 bytes of padding at address 0x52
   62 00000054  END
0 Errors, 1 Warning
assembling Keypad_init.s...
assembling init.s...
assembling LCD_init.s...
assembling main.s...
assembling MemLoc.s...
assembling MemRec.s...
assembling Name.s...
assembling print_string.s...
assembling T0_value.s...
"PIOINT0_IRQHandler.s", line 538: Warning: A1581W: Added 2 bytes of padding at address 0x20a
  538 0000020c  END
0 Errors, 1 Warning
assembling PIOINT0_IRQHandler.s...
assembling TIMER32_0_IRQHandler.s...
assembling T1_value.s...
assembling Chan_LED_on.s...
assembling TIMER32_1_IRQHandler.s...
linking...
.\Objects\lab6.sct(8): warning: L6314W: No section matches pattern *(InRoot$$Sections).
Program Size: Code=2184 RO-data=192 RW-data=0 ZI-data=512  
Finished: 0 information, 1 warning and 0 error messages.
".\Objects\lab6.axf" - 0 Error(s), 1 Warning(s).
Build Time Elapsed:  00:00:01
</pre>
</body>
</html>
