<!doctype html public "-//w3c//dtd html 4.0 transitional//en">
<html><head>
<title>Static Call Graph - [.\Objects\lab6.axf]</title></head>
<body><HR>
<H1>Static Call Graph for image .\Objects\lab6.axf</H1><HR>
<BR><P>#&#060CALLGRAPH&#062# ARM Linker, 6180002: Last Updated: Wed Nov  2 16:32:40 2022
<BR><P>
<H3>Maximum Stack Usage =          0 bytes + Unknown(Functions without stacksize, Cycles, Untraceable Function Pointers)</H3><H3>
Call chain for Maximum Stack Depth:</H3>

<P>
<H3>
Functions with no stack information
</H3><UL>
 <LI><a href="#[1a]">SystemInit</a>
 <LI><a href="#[1b]">__main</a>
 <LI><a href="#[24]">BusyWait</a>
 <LI><a href="#[21]">ChannelLoc</a>
 <LI><a href="#[25]">DisplayChan</a>
 <LI><a href="#[28]">DisplayMemLoc</a>
 <LI><a href="#[29]">DisplayRecall</a>
 <LI><a href="#[2a]">DisplayT0</a>
 <LI><a href="#[2b]">DisplayT1</a>
 <LI><a href="#[1c]">init</a>
 <LI><a href="#[1f]">Keypad_init</a>
 <LI><a href="#[26]">LCD_command</a>
 <LI><a href="#[23]">LCD_data</a>
 <LI><a href="#[1d]">LCD_init</a>
 <LI><a href="#[22]">LCD_init1</a>
 <LI><a href="#[2c]">MemRec</a>
 <LI><a href="#[1e]">Name</a>
 <LI><a href="#[19]">PIOINT0_IRQHandler</a>
 <LI><a href="#[27]">print_string</a>
 <LI><a href="#[37]">T0_value</a>
 <LI><a href="#[38]">T1_value</a>
 <LI><a href="#[c]">TIMER32_0_IRQHandler</a>
 <LI><a href="#[20]">Chan_LED_on</a>
 <LI><a href="#[3a]">division</a>
 <LI><a href="#[39]">MemLoc</a>
 <LI><a href="#[45]">MR0_input</a>
 <LI><a href="#[46]">MR1_input</a>
 <LI><a href="#[3b]">Mem_0_Loc</a>
 <LI><a href="#[3c]">Mem_1_Loc</a>
 <LI><a href="#[3d]">Mem_2_Loc</a>
 <LI><a href="#[3e]">Mem_3_Loc</a>
 <LI><a href="#[3f]">Mem_4_Loc</a>
 <LI><a href="#[40]">Mem_5_Loc</a>
 <LI><a href="#[41]">Mem_6_Loc</a>
 <LI><a href="#[42]">Mem_7_Loc</a>
 <LI><a href="#[43]">Mem_8_Loc</a>
 <LI><a href="#[44]">Mem_9_Loc</a>
 <LI><a href="#[2d]">Mem_0_Rec</a>
 <LI><a href="#[2e]">Mem_1_Rec</a>
 <LI><a href="#[2f]">Mem_2_Rec</a>
 <LI><a href="#[30]">Mem_3_Rec</a>
 <LI><a href="#[31]">Mem_4_Rec</a>
 <LI><a href="#[32]">Mem_5_Rec</a>
 <LI><a href="#[33]">Mem_6_Rec</a>
 <LI><a href="#[34]">Mem_7_Rec</a>
 <LI><a href="#[35]">Mem_8_Rec</a>
 <LI><a href="#[36]">Mem_9_Rec</a>
</UL>
</UL>
<P>
<H3>
Mutually Recursive functions
</H3> <LI><a href="#[1]">NMI_Handler</a>&nbsp;&nbsp;&nbsp;&rArr;&nbsp;&nbsp;&nbsp;<a href="#[1]">NMI_Handler</a><BR>
 <LI><a href="#[2]">HardFault_Handler</a>&nbsp;&nbsp;&nbsp;&rArr;&nbsp;&nbsp;&nbsp;<a href="#[2]">HardFault_Handler</a><BR>
 <LI><a href="#[3]">SVC_Handler</a>&nbsp;&nbsp;&nbsp;&rArr;&nbsp;&nbsp;&nbsp;<a href="#[3]">SVC_Handler</a><BR>
 <LI><a href="#[4]">PendSV_Handler</a>&nbsp;&nbsp;&nbsp;&rArr;&nbsp;&nbsp;&nbsp;<a href="#[4]">PendSV_Handler</a><BR>
 <LI><a href="#[5]">SysTick_Handler</a>&nbsp;&nbsp;&nbsp;&rArr;&nbsp;&nbsp;&nbsp;<a href="#[5]">SysTick_Handler</a><BR>
 <LI><a href="#[12]">ADC_IRQHandler</a>&nbsp;&nbsp;&nbsp;&rArr;&nbsp;&nbsp;&nbsp;<a href="#[12]">ADC_IRQHandler</a><BR>
</UL>
<P>
<H3>
Function Pointers
</H3><UL>
 <LI><a href="#[12]">ADC_IRQHandler</a> from startup_lpc11xx.o(.text) referenced from startup_lpc11xx.o(RESET)
 <LI><a href="#[14]">BOD_IRQHandler</a> from startup_lpc11xx.o(.text) referenced from startup_lpc11xx.o(RESET)
 <LI><a href="#[7]">CAN_IRQHandler</a> from startup_lpc11xx.o(.text) referenced from startup_lpc11xx.o(RESET)
 <LI><a href="#[15]">FMC_IRQHandler</a> from startup_lpc11xx.o(.text) referenced from startup_lpc11xx.o(RESET)
 <LI><a href="#[2]">HardFault_Handler</a> from startup_lpc11xx.o(.text) referenced from startup_lpc11xx.o(RESET)
 <LI><a href="#[9]">I2C_IRQHandler</a> from startup_lpc11xx.o(.text) referenced from startup_lpc11xx.o(RESET)
 <LI><a href="#[1]">NMI_Handler</a> from startup_lpc11xx.o(.text) referenced from startup_lpc11xx.o(RESET)
 <LI><a href="#[19]">PIOINT0_IRQHandler</a> from pioint0_irqhandler.o(PROGRAM) referenced from startup_lpc11xx.o(RESET)
 <LI><a href="#[18]">PIOINT1_IRQHandler</a> from startup_lpc11xx.o(.text) referenced from startup_lpc11xx.o(RESET)
 <LI><a href="#[17]">PIOINT2_IRQHandler</a> from startup_lpc11xx.o(.text) referenced from startup_lpc11xx.o(RESET)
 <LI><a href="#[16]">PIOINT3_IRQHandler</a> from startup_lpc11xx.o(.text) referenced from startup_lpc11xx.o(RESET)
 <LI><a href="#[4]">PendSV_Handler</a> from startup_lpc11xx.o(.text) referenced from startup_lpc11xx.o(RESET)
 <LI><a href="#[0]">Reset_Handler</a> from startup_lpc11xx.o(.text) referenced from startup_lpc11xx.o(RESET)
 <LI><a href="#[e]">SSP0_IRQHandler</a> from startup_lpc11xx.o(.text) referenced from startup_lpc11xx.o(RESET)
 <LI><a href="#[8]">SSP1_IRQHandler</a> from startup_lpc11xx.o(.text) referenced from startup_lpc11xx.o(RESET)
 <LI><a href="#[3]">SVC_Handler</a> from startup_lpc11xx.o(.text) referenced from startup_lpc11xx.o(RESET)
 <LI><a href="#[5]">SysTick_Handler</a> from startup_lpc11xx.o(.text) referenced from startup_lpc11xx.o(RESET)
 <LI><a href="#[1a]">SystemInit</a> from main.o(FLASH) referenced from startup_lpc11xx.o(.text)
 <LI><a href="#[a]">TIMER16_0_IRQHandler</a> from startup_lpc11xx.o(.text) referenced from startup_lpc11xx.o(RESET)
 <LI><a href="#[b]">TIMER16_1_IRQHandler</a> from startup_lpc11xx.o(.text) referenced from startup_lpc11xx.o(RESET)
 <LI><a href="#[c]">TIMER32_0_IRQHandler</a> from timer32_0_irqhandler.o(PROGRAM) referenced from startup_lpc11xx.o(RESET)
 <LI><a href="#[d]">TIMER32_1_IRQHandler</a> from startup_lpc11xx.o(.text) referenced from startup_lpc11xx.o(RESET)
 <LI><a href="#[f]">UART_IRQHandler</a> from startup_lpc11xx.o(.text) referenced from startup_lpc11xx.o(RESET)
 <LI><a href="#[11]">USB_FIQHandler</a> from startup_lpc11xx.o(.text) referenced from startup_lpc11xx.o(RESET)
 <LI><a href="#[10]">USB_IRQHandler</a> from startup_lpc11xx.o(.text) referenced from startup_lpc11xx.o(RESET)
 <LI><a href="#[6]">WAKEUP_IRQHandler</a> from startup_lpc11xx.o(.text) referenced 13 times from startup_lpc11xx.o(RESET)
 <LI><a href="#[13]">WDT_IRQHandler</a> from startup_lpc11xx.o(.text) referenced from startup_lpc11xx.o(RESET)
 <LI><a href="#[1b]">__main</a> from main.o(FLASH) referenced from startup_lpc11xx.o(.text)
</UL>
<P>
<H3>
Global Symbols
</H3>
<P><STRONG><a name="[0]"></a>Reset_Handler</STRONG> (Thumb, 8 bytes, Stack size 0 bytes, startup_lpc11xx.o(.text))
<BR>[Address Reference Count : 1]<UL><LI> startup_lpc11xx.o(RESET)
</UL>
<P><STRONG><a name="[1]"></a>NMI_Handler</STRONG> (Thumb, 2 bytes, Stack size 0 bytes, startup_lpc11xx.o(.text))
<BR><BR>[Calls]<UL><LI><a href="#[1]">&gt;&gt;</a>&nbsp;&nbsp;&nbsp;NMI_Handler
</UL>
<BR>[Called By]<UL><LI><a href="#[1]">&gt;&gt;</a>&nbsp;&nbsp;&nbsp;NMI_Handler
</UL>
<BR>[Address Reference Count : 1]<UL><LI> startup_lpc11xx.o(RESET)
</UL>
<P><STRONG><a name="[2]"></a>HardFault_Handler</STRONG> (Thumb, 2 bytes, Stack size 0 bytes, startup_lpc11xx.o(.text))
<BR><BR>[Calls]<UL><LI><a href="#[2]">&gt;&gt;</a>&nbsp;&nbsp;&nbsp;HardFault_Handler
</UL>
<BR>[Called By]<UL><LI><a href="#[2]">&gt;&gt;</a>&nbsp;&nbsp;&nbsp;HardFault_Handler
</UL>
<BR>[Address Reference Count : 1]<UL><LI> startup_lpc11xx.o(RESET)
</UL>
<P><STRONG><a name="[3]"></a>SVC_Handler</STRONG> (Thumb, 2 bytes, Stack size 0 bytes, startup_lpc11xx.o(.text))
<BR><BR>[Calls]<UL><LI><a href="#[3]">&gt;&gt;</a>&nbsp;&nbsp;&nbsp;SVC_Handler
</UL>
<BR>[Called By]<UL><LI><a href="#[3]">&gt;&gt;</a>&nbsp;&nbsp;&nbsp;SVC_Handler
</UL>
<BR>[Address Reference Count : 1]<UL><LI> startup_lpc11xx.o(RESET)
</UL>
<P><STRONG><a name="[4]"></a>PendSV_Handler</STRONG> (Thumb, 2 bytes, Stack size 0 bytes, startup_lpc11xx.o(.text))
<BR><BR>[Calls]<UL><LI><a href="#[4]">&gt;&gt;</a>&nbsp;&nbsp;&nbsp;PendSV_Handler
</UL>
<BR>[Called By]<UL><LI><a href="#[4]">&gt;&gt;</a>&nbsp;&nbsp;&nbsp;PendSV_Handler
</UL>
<BR>[Address Reference Count : 1]<UL><LI> startup_lpc11xx.o(RESET)
</UL>
<P><STRONG><a name="[5]"></a>SysTick_Handler</STRONG> (Thumb, 2 bytes, Stack size 0 bytes, startup_lpc11xx.o(.text))
<BR><BR>[Calls]<UL><LI><a href="#[5]">&gt;&gt;</a>&nbsp;&nbsp;&nbsp;SysTick_Handler
</UL>
<BR>[Called By]<UL><LI><a href="#[5]">&gt;&gt;</a>&nbsp;&nbsp;&nbsp;SysTick_Handler
</UL>
<BR>[Address Reference Count : 1]<UL><LI> startup_lpc11xx.o(RESET)
</UL>
<P><STRONG><a name="[12]"></a>ADC_IRQHandler</STRONG> (Thumb, 0 bytes, Stack size 0 bytes, startup_lpc11xx.o(.text))
<BR><BR>[Calls]<UL><LI><a href="#[12]">&gt;&gt;</a>&nbsp;&nbsp;&nbsp;ADC_IRQHandler
</UL>
<BR>[Called By]<UL><LI><a href="#[12]">&gt;&gt;</a>&nbsp;&nbsp;&nbsp;ADC_IRQHandler
</UL>
<BR>[Address Reference Count : 1]<UL><LI> startup_lpc11xx.o(RESET)
</UL>
<P><STRONG><a name="[14]"></a>BOD_IRQHandler</STRONG> (Thumb, 0 bytes, Stack size 0 bytes, startup_lpc11xx.o(.text))
<BR>[Address Reference Count : 1]<UL><LI> startup_lpc11xx.o(RESET)
</UL>
<P><STRONG><a name="[7]"></a>CAN_IRQHandler</STRONG> (Thumb, 0 bytes, Stack size 0 bytes, startup_lpc11xx.o(.text))
<BR>[Address Reference Count : 1]<UL><LI> startup_lpc11xx.o(RESET)
</UL>
<P><STRONG><a name="[15]"></a>FMC_IRQHandler</STRONG> (Thumb, 0 bytes, Stack size 0 bytes, startup_lpc11xx.o(.text))
<BR>[Address Reference Count : 1]<UL><LI> startup_lpc11xx.o(RESET)
</UL>
<P><STRONG><a name="[9]"></a>I2C_IRQHandler</STRONG> (Thumb, 0 bytes, Stack size 0 bytes, startup_lpc11xx.o(.text))
<BR>[Address Reference Count : 1]<UL><LI> startup_lpc11xx.o(RESET)
</UL>
<P><STRONG><a name="[18]"></a>PIOINT1_IRQHandler</STRONG> (Thumb, 0 bytes, Stack size 0 bytes, startup_lpc11xx.o(.text))
<BR>[Address Reference Count : 1]<UL><LI> startup_lpc11xx.o(RESET)
</UL>
<P><STRONG><a name="[17]"></a>PIOINT2_IRQHandler</STRONG> (Thumb, 0 bytes, Stack size 0 bytes, startup_lpc11xx.o(.text))
<BR>[Address Reference Count : 1]<UL><LI> startup_lpc11xx.o(RESET)
</UL>
<P><STRONG><a name="[16]"></a>PIOINT3_IRQHandler</STRONG> (Thumb, 0 bytes, Stack size 0 bytes, startup_lpc11xx.o(.text))
<BR>[Address Reference Count : 1]<UL><LI> startup_lpc11xx.o(RESET)
</UL>
<P><STRONG><a name="[e]"></a>SSP0_IRQHandler</STRONG> (Thumb, 0 bytes, Stack size 0 bytes, startup_lpc11xx.o(.text))
<BR>[Address Reference Count : 1]<UL><LI> startup_lpc11xx.o(RESET)
</UL>
<P><STRONG><a name="[8]"></a>SSP1_IRQHandler</STRONG> (Thumb, 0 bytes, Stack size 0 bytes, startup_lpc11xx.o(.text))
<BR>[Address Reference Count : 1]<UL><LI> startup_lpc11xx.o(RESET)
</UL>
<P><STRONG><a name="[a]"></a>TIMER16_0_IRQHandler</STRONG> (Thumb, 0 bytes, Stack size 0 bytes, startup_lpc11xx.o(.text))
<BR>[Address Reference Count : 1]<UL><LI> startup_lpc11xx.o(RESET)
</UL>
<P><STRONG><a name="[b]"></a>TIMER16_1_IRQHandler</STRONG> (Thumb, 0 bytes, Stack size 0 bytes, startup_lpc11xx.o(.text))
<BR>[Address Reference Count : 1]<UL><LI> startup_lpc11xx.o(RESET)
</UL>
<P><STRONG><a name="[d]"></a>TIMER32_1_IRQHandler</STRONG> (Thumb, 0 bytes, Stack size 0 bytes, startup_lpc11xx.o(.text))
<BR>[Address Reference Count : 1]<UL><LI> startup_lpc11xx.o(RESET)
</UL>
<P><STRONG><a name="[f]"></a>UART_IRQHandler</STRONG> (Thumb, 0 bytes, Stack size 0 bytes, startup_lpc11xx.o(.text))
<BR>[Address Reference Count : 1]<UL><LI> startup_lpc11xx.o(RESET)
</UL>
<P><STRONG><a name="[11]"></a>USB_FIQHandler</STRONG> (Thumb, 0 bytes, Stack size 0 bytes, startup_lpc11xx.o(.text))
<BR>[Address Reference Count : 1]<UL><LI> startup_lpc11xx.o(RESET)
</UL>
<P><STRONG><a name="[10]"></a>USB_IRQHandler</STRONG> (Thumb, 0 bytes, Stack size 0 bytes, startup_lpc11xx.o(.text))
<BR>[Address Reference Count : 1]<UL><LI> startup_lpc11xx.o(RESET)
</UL>
<P><STRONG><a name="[6]"></a>WAKEUP_IRQHandler</STRONG> (Thumb, 0 bytes, Stack size 0 bytes, startup_lpc11xx.o(.text))
<BR>[Address Reference Count : 1]<UL><LI> startup_lpc11xx.o(RESET)
</UL>
<P><STRONG><a name="[13]"></a>WDT_IRQHandler</STRONG> (Thumb, 0 bytes, Stack size 0 bytes, startup_lpc11xx.o(.text))
<BR>[Address Reference Count : 1]<UL><LI> startup_lpc11xx.o(RESET)
</UL>
<P><STRONG><a name="[1a]"></a>SystemInit</STRONG> (Thumb, 0 bytes, Stack size unknown bytes, main.o(FLASH))
<BR><BR>[Calls]<UL><LI><a href="#[1e]">&gt;&gt;</a>&nbsp;&nbsp;&nbsp;Name
<LI><a href="#[20]">&gt;&gt;</a>&nbsp;&nbsp;&nbsp;Chan_LED_on
<LI><a href="#[1f]">&gt;&gt;</a>&nbsp;&nbsp;&nbsp;Keypad_init
<LI><a href="#[1c]">&gt;&gt;</a>&nbsp;&nbsp;&nbsp;init
<LI><a href="#[1d]">&gt;&gt;</a>&nbsp;&nbsp;&nbsp;LCD_init
</UL>
<BR>[Address Reference Count : 1]<UL><LI> startup_lpc11xx.o(.text)
</UL>
<P><STRONG><a name="[1b]"></a>__main</STRONG> (Thumb, 0 bytes, Stack size unknown bytes, main.o(FLASH))
<BR>[Address Reference Count : 1]<UL><LI> startup_lpc11xx.o(.text)
</UL>
<P><STRONG><a name="[24]"></a>BusyWait</STRONG> (Thumb, 0 bytes, Stack size unknown bytes, busywait.o(PROGRAM))
<BR><BR>[Called By]<UL><LI><a href="#[46]">&gt;&gt;</a>&nbsp;&nbsp;&nbsp;MR1_input
<LI><a href="#[45]">&gt;&gt;</a>&nbsp;&nbsp;&nbsp;MR0_input
<LI><a href="#[44]">&gt;&gt;</a>&nbsp;&nbsp;&nbsp;Mem_9_Loc
<LI><a href="#[43]">&gt;&gt;</a>&nbsp;&nbsp;&nbsp;Mem_8_Loc
<LI><a href="#[42]">&gt;&gt;</a>&nbsp;&nbsp;&nbsp;Mem_7_Loc
<LI><a href="#[41]">&gt;&gt;</a>&nbsp;&nbsp;&nbsp;Mem_6_Loc
<LI><a href="#[40]">&gt;&gt;</a>&nbsp;&nbsp;&nbsp;Mem_5_Loc
<LI><a href="#[3f]">&gt;&gt;</a>&nbsp;&nbsp;&nbsp;Mem_4_Loc
<LI><a href="#[3e]">&gt;&gt;</a>&nbsp;&nbsp;&nbsp;Mem_3_Loc
<LI><a href="#[3d]">&gt;&gt;</a>&nbsp;&nbsp;&nbsp;Mem_2_Loc
<LI><a href="#[3c]">&gt;&gt;</a>&nbsp;&nbsp;&nbsp;Mem_1_Loc
<LI><a href="#[3b]">&gt;&gt;</a>&nbsp;&nbsp;&nbsp;Mem_0_Loc
<LI><a href="#[3a]">&gt;&gt;</a>&nbsp;&nbsp;&nbsp;division
<LI><a href="#[38]">&gt;&gt;</a>&nbsp;&nbsp;&nbsp;T1_value
<LI><a href="#[37]">&gt;&gt;</a>&nbsp;&nbsp;&nbsp;T0_value
<LI><a href="#[39]">&gt;&gt;</a>&nbsp;&nbsp;&nbsp;MemLoc
<LI><a href="#[19]">&gt;&gt;</a>&nbsp;&nbsp;&nbsp;PIOINT0_IRQHandler
<LI><a href="#[36]">&gt;&gt;</a>&nbsp;&nbsp;&nbsp;Mem_9_Rec
<LI><a href="#[35]">&gt;&gt;</a>&nbsp;&nbsp;&nbsp;Mem_8_Rec
<LI><a href="#[34]">&gt;&gt;</a>&nbsp;&nbsp;&nbsp;Mem_7_Rec
<LI><a href="#[33]">&gt;&gt;</a>&nbsp;&nbsp;&nbsp;Mem_6_Rec
<LI><a href="#[32]">&gt;&gt;</a>&nbsp;&nbsp;&nbsp;Mem_5_Rec
<LI><a href="#[31]">&gt;&gt;</a>&nbsp;&nbsp;&nbsp;Mem_4_Rec
<LI><a href="#[30]">&gt;&gt;</a>&nbsp;&nbsp;&nbsp;Mem_3_Rec
<LI><a href="#[2f]">&gt;&gt;</a>&nbsp;&nbsp;&nbsp;Mem_2_Rec
<LI><a href="#[2e]">&gt;&gt;</a>&nbsp;&nbsp;&nbsp;Mem_1_Rec
<LI><a href="#[2d]">&gt;&gt;</a>&nbsp;&nbsp;&nbsp;Mem_0_Rec
<LI><a href="#[2c]">&gt;&gt;</a>&nbsp;&nbsp;&nbsp;MemRec
<LI><a href="#[26]">&gt;&gt;</a>&nbsp;&nbsp;&nbsp;LCD_command
<LI><a href="#[1d]">&gt;&gt;</a>&nbsp;&nbsp;&nbsp;LCD_init
<LI><a href="#[23]">&gt;&gt;</a>&nbsp;&nbsp;&nbsp;LCD_data
<LI><a href="#[21]">&gt;&gt;</a>&nbsp;&nbsp;&nbsp;ChannelLoc
</UL>

<P><STRONG><a name="[21]"></a>ChannelLoc</STRONG> (Thumb, 0 bytes, Stack size unknown bytes, channelloc.o(PROGRAM))
<BR><BR>[Calls]<UL><LI><a href="#[22]">&gt;&gt;</a>&nbsp;&nbsp;&nbsp;LCD_init1
<LI><a href="#[23]">&gt;&gt;</a>&nbsp;&nbsp;&nbsp;LCD_data
<LI><a href="#[24]">&gt;&gt;</a>&nbsp;&nbsp;&nbsp;BusyWait
</UL>
<BR>[Called By]<UL><LI><a href="#[19]">&gt;&gt;</a>&nbsp;&nbsp;&nbsp;PIOINT0_IRQHandler
</UL>

<P><STRONG><a name="[25]"></a>DisplayChan</STRONG> (Thumb, 0 bytes, Stack size unknown bytes, displaychan.o(PROGRAM))
<BR><BR>[Calls]<UL><LI><a href="#[27]">&gt;&gt;</a>&nbsp;&nbsp;&nbsp;print_string
<LI><a href="#[26]">&gt;&gt;</a>&nbsp;&nbsp;&nbsp;LCD_command
</UL>
<BR>[Called By]<UL><LI><a href="#[19]">&gt;&gt;</a>&nbsp;&nbsp;&nbsp;PIOINT0_IRQHandler
</UL>

<P><STRONG><a name="[28]"></a>DisplayMemLoc</STRONG> (Thumb, 0 bytes, Stack size unknown bytes, displaymemloc.o(PROGRAM))
<BR><BR>[Calls]<UL><LI><a href="#[27]">&gt;&gt;</a>&nbsp;&nbsp;&nbsp;print_string
<LI><a href="#[26]">&gt;&gt;</a>&nbsp;&nbsp;&nbsp;LCD_command
</UL>
<BR>[Called By]<UL><LI><a href="#[19]">&gt;&gt;</a>&nbsp;&nbsp;&nbsp;PIOINT0_IRQHandler
</UL>

<P><STRONG><a name="[29]"></a>DisplayRecall</STRONG> (Thumb, 0 bytes, Stack size unknown bytes, displayrecall.o(PROGRAM))
<BR><BR>[Calls]<UL><LI><a href="#[27]">&gt;&gt;</a>&nbsp;&nbsp;&nbsp;print_string
<LI><a href="#[26]">&gt;&gt;</a>&nbsp;&nbsp;&nbsp;LCD_command
</UL>
<BR>[Called By]<UL><LI><a href="#[19]">&gt;&gt;</a>&nbsp;&nbsp;&nbsp;PIOINT0_IRQHandler
</UL>

<P><STRONG><a name="[2a]"></a>DisplayT0</STRONG> (Thumb, 0 bytes, Stack size unknown bytes, displayt0.o(PROGRAM))
<BR><BR>[Calls]<UL><LI><a href="#[27]">&gt;&gt;</a>&nbsp;&nbsp;&nbsp;print_string
<LI><a href="#[26]">&gt;&gt;</a>&nbsp;&nbsp;&nbsp;LCD_command
</UL>
<BR>[Called By]<UL><LI><a href="#[19]">&gt;&gt;</a>&nbsp;&nbsp;&nbsp;PIOINT0_IRQHandler
</UL>

<P><STRONG><a name="[2b]"></a>DisplayT1</STRONG> (Thumb, 0 bytes, Stack size unknown bytes, displayt1.o(PROGRAM))
<BR><BR>[Calls]<UL><LI><a href="#[27]">&gt;&gt;</a>&nbsp;&nbsp;&nbsp;print_string
<LI><a href="#[26]">&gt;&gt;</a>&nbsp;&nbsp;&nbsp;LCD_command
</UL>
<BR>[Called By]<UL><LI><a href="#[19]">&gt;&gt;</a>&nbsp;&nbsp;&nbsp;PIOINT0_IRQHandler
</UL>

<P><STRONG><a name="[1c]"></a>init</STRONG> (Thumb, 0 bytes, Stack size unknown bytes, init.o(PROGRAM))
<BR><BR>[Called By]<UL><LI><a href="#[1a]">&gt;&gt;</a>&nbsp;&nbsp;&nbsp;SystemInit
</UL>

<P><STRONG><a name="[1f]"></a>Keypad_init</STRONG> (Thumb, 0 bytes, Stack size unknown bytes, keypad_init.o(PROGRAM))
<BR><BR>[Called By]<UL><LI><a href="#[1a]">&gt;&gt;</a>&nbsp;&nbsp;&nbsp;SystemInit
</UL>

<P><STRONG><a name="[26]"></a>LCD_command</STRONG> (Thumb, 0 bytes, Stack size unknown bytes, lcd_command.o(PROGRAM))
<BR><BR>[Calls]<UL><LI><a href="#[24]">&gt;&gt;</a>&nbsp;&nbsp;&nbsp;BusyWait
</UL>
<BR>[Called By]<UL><LI><a href="#[44]">&gt;&gt;</a>&nbsp;&nbsp;&nbsp;Mem_9_Loc
<LI><a href="#[43]">&gt;&gt;</a>&nbsp;&nbsp;&nbsp;Mem_8_Loc
<LI><a href="#[42]">&gt;&gt;</a>&nbsp;&nbsp;&nbsp;Mem_7_Loc
<LI><a href="#[41]">&gt;&gt;</a>&nbsp;&nbsp;&nbsp;Mem_6_Loc
<LI><a href="#[40]">&gt;&gt;</a>&nbsp;&nbsp;&nbsp;Mem_5_Loc
<LI><a href="#[3f]">&gt;&gt;</a>&nbsp;&nbsp;&nbsp;Mem_4_Loc
<LI><a href="#[3e]">&gt;&gt;</a>&nbsp;&nbsp;&nbsp;Mem_3_Loc
<LI><a href="#[3d]">&gt;&gt;</a>&nbsp;&nbsp;&nbsp;Mem_2_Loc
<LI><a href="#[3c]">&gt;&gt;</a>&nbsp;&nbsp;&nbsp;Mem_1_Loc
<LI><a href="#[3b]">&gt;&gt;</a>&nbsp;&nbsp;&nbsp;Mem_0_Loc
<LI><a href="#[36]">&gt;&gt;</a>&nbsp;&nbsp;&nbsp;Mem_9_Rec
<LI><a href="#[35]">&gt;&gt;</a>&nbsp;&nbsp;&nbsp;Mem_8_Rec
<LI><a href="#[34]">&gt;&gt;</a>&nbsp;&nbsp;&nbsp;Mem_7_Rec
<LI><a href="#[33]">&gt;&gt;</a>&nbsp;&nbsp;&nbsp;Mem_6_Rec
<LI><a href="#[32]">&gt;&gt;</a>&nbsp;&nbsp;&nbsp;Mem_5_Rec
<LI><a href="#[31]">&gt;&gt;</a>&nbsp;&nbsp;&nbsp;Mem_4_Rec
<LI><a href="#[30]">&gt;&gt;</a>&nbsp;&nbsp;&nbsp;Mem_3_Rec
<LI><a href="#[2f]">&gt;&gt;</a>&nbsp;&nbsp;&nbsp;Mem_2_Rec
<LI><a href="#[2e]">&gt;&gt;</a>&nbsp;&nbsp;&nbsp;Mem_1_Rec
<LI><a href="#[2d]">&gt;&gt;</a>&nbsp;&nbsp;&nbsp;Mem_0_Rec
<LI><a href="#[1e]">&gt;&gt;</a>&nbsp;&nbsp;&nbsp;Name
<LI><a href="#[2b]">&gt;&gt;</a>&nbsp;&nbsp;&nbsp;DisplayT1
<LI><a href="#[2a]">&gt;&gt;</a>&nbsp;&nbsp;&nbsp;DisplayT0
<LI><a href="#[29]">&gt;&gt;</a>&nbsp;&nbsp;&nbsp;DisplayRecall
<LI><a href="#[28]">&gt;&gt;</a>&nbsp;&nbsp;&nbsp;DisplayMemLoc
<LI><a href="#[27]">&gt;&gt;</a>&nbsp;&nbsp;&nbsp;print_string
<LI><a href="#[25]">&gt;&gt;</a>&nbsp;&nbsp;&nbsp;DisplayChan
<LI><a href="#[1d]">&gt;&gt;</a>&nbsp;&nbsp;&nbsp;LCD_init
</UL>

<P><STRONG><a name="[23]"></a>LCD_data</STRONG> (Thumb, 0 bytes, Stack size unknown bytes, lcd_data.o(PROGRAM))
<BR><BR>[Calls]<UL><LI><a href="#[24]">&gt;&gt;</a>&nbsp;&nbsp;&nbsp;BusyWait
</UL>
<BR>[Called By]<UL><LI><a href="#[3a]">&gt;&gt;</a>&nbsp;&nbsp;&nbsp;division
<LI><a href="#[38]">&gt;&gt;</a>&nbsp;&nbsp;&nbsp;T1_value
<LI><a href="#[37]">&gt;&gt;</a>&nbsp;&nbsp;&nbsp;T0_value
<LI><a href="#[39]">&gt;&gt;</a>&nbsp;&nbsp;&nbsp;MemLoc
<LI><a href="#[36]">&gt;&gt;</a>&nbsp;&nbsp;&nbsp;Mem_9_Rec
<LI><a href="#[35]">&gt;&gt;</a>&nbsp;&nbsp;&nbsp;Mem_8_Rec
<LI><a href="#[34]">&gt;&gt;</a>&nbsp;&nbsp;&nbsp;Mem_7_Rec
<LI><a href="#[33]">&gt;&gt;</a>&nbsp;&nbsp;&nbsp;Mem_6_Rec
<LI><a href="#[32]">&gt;&gt;</a>&nbsp;&nbsp;&nbsp;Mem_5_Rec
<LI><a href="#[31]">&gt;&gt;</a>&nbsp;&nbsp;&nbsp;Mem_4_Rec
<LI><a href="#[30]">&gt;&gt;</a>&nbsp;&nbsp;&nbsp;Mem_3_Rec
<LI><a href="#[2f]">&gt;&gt;</a>&nbsp;&nbsp;&nbsp;Mem_2_Rec
<LI><a href="#[2e]">&gt;&gt;</a>&nbsp;&nbsp;&nbsp;Mem_1_Rec
<LI><a href="#[2d]">&gt;&gt;</a>&nbsp;&nbsp;&nbsp;Mem_0_Rec
<LI><a href="#[2c]">&gt;&gt;</a>&nbsp;&nbsp;&nbsp;MemRec
<LI><a href="#[27]">&gt;&gt;</a>&nbsp;&nbsp;&nbsp;print_string
<LI><a href="#[21]">&gt;&gt;</a>&nbsp;&nbsp;&nbsp;ChannelLoc
</UL>

<P><STRONG><a name="[1d]"></a>LCD_init</STRONG> (Thumb, 0 bytes, Stack size unknown bytes, lcd_init.o(PROGRAM))
<BR><BR>[Calls]<UL><LI><a href="#[26]">&gt;&gt;</a>&nbsp;&nbsp;&nbsp;LCD_command
<LI><a href="#[24]">&gt;&gt;</a>&nbsp;&nbsp;&nbsp;BusyWait
</UL>
<BR>[Called By]<UL><LI><a href="#[19]">&gt;&gt;</a>&nbsp;&nbsp;&nbsp;PIOINT0_IRQHandler
<LI><a href="#[1a]">&gt;&gt;</a>&nbsp;&nbsp;&nbsp;SystemInit
</UL>

<P><STRONG><a name="[22]"></a>LCD_init1</STRONG> (Thumb, 0 bytes, Stack size unknown bytes, lcd_init1.o(PROGRAM))
<BR><BR>[Called By]<UL><LI><a href="#[44]">&gt;&gt;</a>&nbsp;&nbsp;&nbsp;Mem_9_Loc
<LI><a href="#[43]">&gt;&gt;</a>&nbsp;&nbsp;&nbsp;Mem_8_Loc
<LI><a href="#[42]">&gt;&gt;</a>&nbsp;&nbsp;&nbsp;Mem_7_Loc
<LI><a href="#[41]">&gt;&gt;</a>&nbsp;&nbsp;&nbsp;Mem_6_Loc
<LI><a href="#[40]">&gt;&gt;</a>&nbsp;&nbsp;&nbsp;Mem_5_Loc
<LI><a href="#[3f]">&gt;&gt;</a>&nbsp;&nbsp;&nbsp;Mem_4_Loc
<LI><a href="#[3e]">&gt;&gt;</a>&nbsp;&nbsp;&nbsp;Mem_3_Loc
<LI><a href="#[3d]">&gt;&gt;</a>&nbsp;&nbsp;&nbsp;Mem_2_Loc
<LI><a href="#[3c]">&gt;&gt;</a>&nbsp;&nbsp;&nbsp;Mem_1_Loc
<LI><a href="#[3b]">&gt;&gt;</a>&nbsp;&nbsp;&nbsp;Mem_0_Loc
<LI><a href="#[38]">&gt;&gt;</a>&nbsp;&nbsp;&nbsp;T1_value
<LI><a href="#[37]">&gt;&gt;</a>&nbsp;&nbsp;&nbsp;T0_value
<LI><a href="#[39]">&gt;&gt;</a>&nbsp;&nbsp;&nbsp;MemLoc
<LI><a href="#[36]">&gt;&gt;</a>&nbsp;&nbsp;&nbsp;Mem_9_Rec
<LI><a href="#[35]">&gt;&gt;</a>&nbsp;&nbsp;&nbsp;Mem_8_Rec
<LI><a href="#[34]">&gt;&gt;</a>&nbsp;&nbsp;&nbsp;Mem_7_Rec
<LI><a href="#[33]">&gt;&gt;</a>&nbsp;&nbsp;&nbsp;Mem_6_Rec
<LI><a href="#[32]">&gt;&gt;</a>&nbsp;&nbsp;&nbsp;Mem_5_Rec
<LI><a href="#[31]">&gt;&gt;</a>&nbsp;&nbsp;&nbsp;Mem_4_Rec
<LI><a href="#[30]">&gt;&gt;</a>&nbsp;&nbsp;&nbsp;Mem_3_Rec
<LI><a href="#[2f]">&gt;&gt;</a>&nbsp;&nbsp;&nbsp;Mem_2_Rec
<LI><a href="#[2e]">&gt;&gt;</a>&nbsp;&nbsp;&nbsp;Mem_1_Rec
<LI><a href="#[2d]">&gt;&gt;</a>&nbsp;&nbsp;&nbsp;Mem_0_Rec
<LI><a href="#[2c]">&gt;&gt;</a>&nbsp;&nbsp;&nbsp;MemRec
<LI><a href="#[21]">&gt;&gt;</a>&nbsp;&nbsp;&nbsp;ChannelLoc
</UL>

<P><STRONG><a name="[2c]"></a>MemRec</STRONG> (Thumb, 0 bytes, Stack size unknown bytes, memrec.o(PROGRAM))
<BR><BR>[Calls]<UL><LI><a href="#[36]">&gt;&gt;</a>&nbsp;&nbsp;&nbsp;Mem_9_Rec
<LI><a href="#[35]">&gt;&gt;</a>&nbsp;&nbsp;&nbsp;Mem_8_Rec
<LI><a href="#[34]">&gt;&gt;</a>&nbsp;&nbsp;&nbsp;Mem_7_Rec
<LI><a href="#[33]">&gt;&gt;</a>&nbsp;&nbsp;&nbsp;Mem_6_Rec
<LI><a href="#[32]">&gt;&gt;</a>&nbsp;&nbsp;&nbsp;Mem_5_Rec
<LI><a href="#[31]">&gt;&gt;</a>&nbsp;&nbsp;&nbsp;Mem_4_Rec
<LI><a href="#[30]">&gt;&gt;</a>&nbsp;&nbsp;&nbsp;Mem_3_Rec
<LI><a href="#[2f]">&gt;&gt;</a>&nbsp;&nbsp;&nbsp;Mem_2_Rec
<LI><a href="#[2e]">&gt;&gt;</a>&nbsp;&nbsp;&nbsp;Mem_1_Rec
<LI><a href="#[2d]">&gt;&gt;</a>&nbsp;&nbsp;&nbsp;Mem_0_Rec
<LI><a href="#[22]">&gt;&gt;</a>&nbsp;&nbsp;&nbsp;LCD_init1
<LI><a href="#[23]">&gt;&gt;</a>&nbsp;&nbsp;&nbsp;LCD_data
<LI><a href="#[24]">&gt;&gt;</a>&nbsp;&nbsp;&nbsp;BusyWait
</UL>
<BR>[Called By]<UL><LI><a href="#[19]">&gt;&gt;</a>&nbsp;&nbsp;&nbsp;PIOINT0_IRQHandler
</UL>

<P><STRONG><a name="[1e]"></a>Name</STRONG> (Thumb, 0 bytes, Stack size unknown bytes, name.o(PROGRAM))
<BR><BR>[Calls]<UL><LI><a href="#[27]">&gt;&gt;</a>&nbsp;&nbsp;&nbsp;print_string
<LI><a href="#[26]">&gt;&gt;</a>&nbsp;&nbsp;&nbsp;LCD_command
</UL>
<BR>[Called By]<UL><LI><a href="#[1a]">&gt;&gt;</a>&nbsp;&nbsp;&nbsp;SystemInit
</UL>

<P><STRONG><a name="[19]"></a>PIOINT0_IRQHandler</STRONG> (Thumb, 0 bytes, Stack size unknown bytes, pioint0_irqhandler.o(PROGRAM))
<BR><BR>[Calls]<UL><LI><a href="#[38]">&gt;&gt;</a>&nbsp;&nbsp;&nbsp;T1_value
<LI><a href="#[37]">&gt;&gt;</a>&nbsp;&nbsp;&nbsp;T0_value
<LI><a href="#[39]">&gt;&gt;</a>&nbsp;&nbsp;&nbsp;MemLoc
<LI><a href="#[2c]">&gt;&gt;</a>&nbsp;&nbsp;&nbsp;MemRec
<LI><a href="#[2b]">&gt;&gt;</a>&nbsp;&nbsp;&nbsp;DisplayT1
<LI><a href="#[2a]">&gt;&gt;</a>&nbsp;&nbsp;&nbsp;DisplayT0
<LI><a href="#[29]">&gt;&gt;</a>&nbsp;&nbsp;&nbsp;DisplayRecall
<LI><a href="#[28]">&gt;&gt;</a>&nbsp;&nbsp;&nbsp;DisplayMemLoc
<LI><a href="#[25]">&gt;&gt;</a>&nbsp;&nbsp;&nbsp;DisplayChan
<LI><a href="#[1d]">&gt;&gt;</a>&nbsp;&nbsp;&nbsp;LCD_init
<LI><a href="#[21]">&gt;&gt;</a>&nbsp;&nbsp;&nbsp;ChannelLoc
<LI><a href="#[24]">&gt;&gt;</a>&nbsp;&nbsp;&nbsp;BusyWait
</UL>
<BR>[Address Reference Count : 1]<UL><LI> startup_lpc11xx.o(RESET)
</UL>
<P><STRONG><a name="[27]"></a>print_string</STRONG> (Thumb, 0 bytes, Stack size unknown bytes, print_string.o(PROGRAM))
<BR><BR>[Calls]<UL><LI><a href="#[26]">&gt;&gt;</a>&nbsp;&nbsp;&nbsp;LCD_command
<LI><a href="#[23]">&gt;&gt;</a>&nbsp;&nbsp;&nbsp;LCD_data
</UL>
<BR>[Called By]<UL><LI><a href="#[1e]">&gt;&gt;</a>&nbsp;&nbsp;&nbsp;Name
<LI><a href="#[2b]">&gt;&gt;</a>&nbsp;&nbsp;&nbsp;DisplayT1
<LI><a href="#[2a]">&gt;&gt;</a>&nbsp;&nbsp;&nbsp;DisplayT0
<LI><a href="#[29]">&gt;&gt;</a>&nbsp;&nbsp;&nbsp;DisplayRecall
<LI><a href="#[28]">&gt;&gt;</a>&nbsp;&nbsp;&nbsp;DisplayMemLoc
<LI><a href="#[25]">&gt;&gt;</a>&nbsp;&nbsp;&nbsp;DisplayChan
</UL>

<P><STRONG><a name="[37]"></a>T0_value</STRONG> (Thumb, 0 bytes, Stack size unknown bytes, t0_value.o(PROGRAM))
<BR><BR>[Calls]<UL><LI><a href="#[22]">&gt;&gt;</a>&nbsp;&nbsp;&nbsp;LCD_init1
<LI><a href="#[23]">&gt;&gt;</a>&nbsp;&nbsp;&nbsp;LCD_data
<LI><a href="#[24]">&gt;&gt;</a>&nbsp;&nbsp;&nbsp;BusyWait
</UL>
<BR>[Called By]<UL><LI><a href="#[19]">&gt;&gt;</a>&nbsp;&nbsp;&nbsp;PIOINT0_IRQHandler
</UL>

<P><STRONG><a name="[38]"></a>T1_value</STRONG> (Thumb, 0 bytes, Stack size unknown bytes, t1_value.o(PROGRAM))
<BR><BR>[Calls]<UL><LI><a href="#[22]">&gt;&gt;</a>&nbsp;&nbsp;&nbsp;LCD_init1
<LI><a href="#[23]">&gt;&gt;</a>&nbsp;&nbsp;&nbsp;LCD_data
<LI><a href="#[24]">&gt;&gt;</a>&nbsp;&nbsp;&nbsp;BusyWait
</UL>
<BR>[Called By]<UL><LI><a href="#[19]">&gt;&gt;</a>&nbsp;&nbsp;&nbsp;PIOINT0_IRQHandler
</UL>

<P><STRONG><a name="[c]"></a>TIMER32_0_IRQHandler</STRONG> (Thumb, 0 bytes, Stack size unknown bytes, timer32_0_irqhandler.o(PROGRAM))
<BR>[Address Reference Count : 1]<UL><LI> startup_lpc11xx.o(RESET)
</UL>
<P><STRONG><a name="[20]"></a>Chan_LED_on</STRONG> (Thumb, 0 bytes, Stack size unknown bytes, chan_led_on.o(PROGRAM))
<BR><BR>[Called By]<UL><LI><a href="#[1a]">&gt;&gt;</a>&nbsp;&nbsp;&nbsp;SystemInit
</UL>

<P><STRONG><a name="[3a]"></a>division</STRONG> (Thumb, 0 bytes, Stack size unknown bytes, division.o(PROGRAM))
<BR><BR>[Calls]<UL><LI><a href="#[23]">&gt;&gt;</a>&nbsp;&nbsp;&nbsp;LCD_data
<LI><a href="#[24]">&gt;&gt;</a>&nbsp;&nbsp;&nbsp;BusyWait
</UL>
<BR>[Called By]<UL><LI><a href="#[44]">&gt;&gt;</a>&nbsp;&nbsp;&nbsp;Mem_9_Loc
<LI><a href="#[43]">&gt;&gt;</a>&nbsp;&nbsp;&nbsp;Mem_8_Loc
<LI><a href="#[42]">&gt;&gt;</a>&nbsp;&nbsp;&nbsp;Mem_7_Loc
<LI><a href="#[41]">&gt;&gt;</a>&nbsp;&nbsp;&nbsp;Mem_6_Loc
<LI><a href="#[40]">&gt;&gt;</a>&nbsp;&nbsp;&nbsp;Mem_5_Loc
<LI><a href="#[3f]">&gt;&gt;</a>&nbsp;&nbsp;&nbsp;Mem_4_Loc
<LI><a href="#[3e]">&gt;&gt;</a>&nbsp;&nbsp;&nbsp;Mem_3_Loc
<LI><a href="#[3d]">&gt;&gt;</a>&nbsp;&nbsp;&nbsp;Mem_2_Loc
<LI><a href="#[3c]">&gt;&gt;</a>&nbsp;&nbsp;&nbsp;Mem_1_Loc
<LI><a href="#[3b]">&gt;&gt;</a>&nbsp;&nbsp;&nbsp;Mem_0_Loc
<LI><a href="#[36]">&gt;&gt;</a>&nbsp;&nbsp;&nbsp;Mem_9_Rec
<LI><a href="#[35]">&gt;&gt;</a>&nbsp;&nbsp;&nbsp;Mem_8_Rec
<LI><a href="#[34]">&gt;&gt;</a>&nbsp;&nbsp;&nbsp;Mem_7_Rec
<LI><a href="#[33]">&gt;&gt;</a>&nbsp;&nbsp;&nbsp;Mem_6_Rec
<LI><a href="#[32]">&gt;&gt;</a>&nbsp;&nbsp;&nbsp;Mem_5_Rec
<LI><a href="#[31]">&gt;&gt;</a>&nbsp;&nbsp;&nbsp;Mem_4_Rec
<LI><a href="#[30]">&gt;&gt;</a>&nbsp;&nbsp;&nbsp;Mem_3_Rec
<LI><a href="#[2f]">&gt;&gt;</a>&nbsp;&nbsp;&nbsp;Mem_2_Rec
<LI><a href="#[2e]">&gt;&gt;</a>&nbsp;&nbsp;&nbsp;Mem_1_Rec
<LI><a href="#[2d]">&gt;&gt;</a>&nbsp;&nbsp;&nbsp;Mem_0_Rec
</UL>

<P><STRONG><a name="[39]"></a>MemLoc</STRONG> (Thumb, 0 bytes, Stack size unknown bytes, memloc.o(PROGRAM))
<BR><BR>[Calls]<UL><LI><a href="#[44]">&gt;&gt;</a>&nbsp;&nbsp;&nbsp;Mem_9_Loc
<LI><a href="#[43]">&gt;&gt;</a>&nbsp;&nbsp;&nbsp;Mem_8_Loc
<LI><a href="#[42]">&gt;&gt;</a>&nbsp;&nbsp;&nbsp;Mem_7_Loc
<LI><a href="#[41]">&gt;&gt;</a>&nbsp;&nbsp;&nbsp;Mem_6_Loc
<LI><a href="#[40]">&gt;&gt;</a>&nbsp;&nbsp;&nbsp;Mem_5_Loc
<LI><a href="#[3f]">&gt;&gt;</a>&nbsp;&nbsp;&nbsp;Mem_4_Loc
<LI><a href="#[3e]">&gt;&gt;</a>&nbsp;&nbsp;&nbsp;Mem_3_Loc
<LI><a href="#[3d]">&gt;&gt;</a>&nbsp;&nbsp;&nbsp;Mem_2_Loc
<LI><a href="#[3c]">&gt;&gt;</a>&nbsp;&nbsp;&nbsp;Mem_1_Loc
<LI><a href="#[3b]">&gt;&gt;</a>&nbsp;&nbsp;&nbsp;Mem_0_Loc
<LI><a href="#[22]">&gt;&gt;</a>&nbsp;&nbsp;&nbsp;LCD_init1
<LI><a href="#[23]">&gt;&gt;</a>&nbsp;&nbsp;&nbsp;LCD_data
<LI><a href="#[24]">&gt;&gt;</a>&nbsp;&nbsp;&nbsp;BusyWait
</UL>
<BR>[Called By]<UL><LI><a href="#[19]">&gt;&gt;</a>&nbsp;&nbsp;&nbsp;PIOINT0_IRQHandler
</UL>

<P><STRONG><a name="[45]"></a>MR0_input</STRONG> (Thumb, 0 bytes, Stack size unknown bytes, mr0_input.o(PROGRAM))
<BR><BR>[Calls]<UL><LI><a href="#[24]">&gt;&gt;</a>&nbsp;&nbsp;&nbsp;BusyWait
</UL>
<BR>[Called By]<UL><LI><a href="#[36]">&gt;&gt;</a>&nbsp;&nbsp;&nbsp;Mem_9_Rec
<LI><a href="#[35]">&gt;&gt;</a>&nbsp;&nbsp;&nbsp;Mem_8_Rec
<LI><a href="#[34]">&gt;&gt;</a>&nbsp;&nbsp;&nbsp;Mem_7_Rec
<LI><a href="#[33]">&gt;&gt;</a>&nbsp;&nbsp;&nbsp;Mem_6_Rec
<LI><a href="#[32]">&gt;&gt;</a>&nbsp;&nbsp;&nbsp;Mem_5_Rec
<LI><a href="#[31]">&gt;&gt;</a>&nbsp;&nbsp;&nbsp;Mem_4_Rec
<LI><a href="#[30]">&gt;&gt;</a>&nbsp;&nbsp;&nbsp;Mem_3_Rec
<LI><a href="#[2f]">&gt;&gt;</a>&nbsp;&nbsp;&nbsp;Mem_2_Rec
<LI><a href="#[2e]">&gt;&gt;</a>&nbsp;&nbsp;&nbsp;Mem_1_Rec
<LI><a href="#[2d]">&gt;&gt;</a>&nbsp;&nbsp;&nbsp;Mem_0_Rec
</UL>

<P><STRONG><a name="[46]"></a>MR1_input</STRONG> (Thumb, 0 bytes, Stack size unknown bytes, mr1_input.o(PROGRAM))
<BR><BR>[Calls]<UL><LI><a href="#[24]">&gt;&gt;</a>&nbsp;&nbsp;&nbsp;BusyWait
</UL>
<BR>[Called By]<UL><LI><a href="#[36]">&gt;&gt;</a>&nbsp;&nbsp;&nbsp;Mem_9_Rec
<LI><a href="#[35]">&gt;&gt;</a>&nbsp;&nbsp;&nbsp;Mem_8_Rec
<LI><a href="#[34]">&gt;&gt;</a>&nbsp;&nbsp;&nbsp;Mem_7_Rec
<LI><a href="#[33]">&gt;&gt;</a>&nbsp;&nbsp;&nbsp;Mem_6_Rec
<LI><a href="#[32]">&gt;&gt;</a>&nbsp;&nbsp;&nbsp;Mem_5_Rec
<LI><a href="#[31]">&gt;&gt;</a>&nbsp;&nbsp;&nbsp;Mem_4_Rec
<LI><a href="#[30]">&gt;&gt;</a>&nbsp;&nbsp;&nbsp;Mem_3_Rec
<LI><a href="#[2f]">&gt;&gt;</a>&nbsp;&nbsp;&nbsp;Mem_2_Rec
<LI><a href="#[2e]">&gt;&gt;</a>&nbsp;&nbsp;&nbsp;Mem_1_Rec
<LI><a href="#[2d]">&gt;&gt;</a>&nbsp;&nbsp;&nbsp;Mem_0_Rec
</UL>

<P><STRONG><a name="[3b]"></a>Mem_0_Loc</STRONG> (Thumb, 0 bytes, Stack size unknown bytes, mem_0_loc.o(PROGRAM))
<BR><BR>[Calls]<UL><LI><a href="#[3a]">&gt;&gt;</a>&nbsp;&nbsp;&nbsp;division
<LI><a href="#[26]">&gt;&gt;</a>&nbsp;&nbsp;&nbsp;LCD_command
<LI><a href="#[22]">&gt;&gt;</a>&nbsp;&nbsp;&nbsp;LCD_init1
<LI><a href="#[24]">&gt;&gt;</a>&nbsp;&nbsp;&nbsp;BusyWait
</UL>
<BR>[Called By]<UL><LI><a href="#[39]">&gt;&gt;</a>&nbsp;&nbsp;&nbsp;MemLoc
</UL>

<P><STRONG><a name="[3c]"></a>Mem_1_Loc</STRONG> (Thumb, 0 bytes, Stack size unknown bytes, mem_1_loc.o(PROGRAM))
<BR><BR>[Calls]<UL><LI><a href="#[3a]">&gt;&gt;</a>&nbsp;&nbsp;&nbsp;division
<LI><a href="#[26]">&gt;&gt;</a>&nbsp;&nbsp;&nbsp;LCD_command
<LI><a href="#[22]">&gt;&gt;</a>&nbsp;&nbsp;&nbsp;LCD_init1
<LI><a href="#[24]">&gt;&gt;</a>&nbsp;&nbsp;&nbsp;BusyWait
</UL>
<BR>[Called By]<UL><LI><a href="#[39]">&gt;&gt;</a>&nbsp;&nbsp;&nbsp;MemLoc
</UL>

<P><STRONG><a name="[3d]"></a>Mem_2_Loc</STRONG> (Thumb, 0 bytes, Stack size unknown bytes, mem_2_loc.o(PROGRAM))
<BR><BR>[Calls]<UL><LI><a href="#[3a]">&gt;&gt;</a>&nbsp;&nbsp;&nbsp;division
<LI><a href="#[26]">&gt;&gt;</a>&nbsp;&nbsp;&nbsp;LCD_command
<LI><a href="#[22]">&gt;&gt;</a>&nbsp;&nbsp;&nbsp;LCD_init1
<LI><a href="#[24]">&gt;&gt;</a>&nbsp;&nbsp;&nbsp;BusyWait
</UL>
<BR>[Called By]<UL><LI><a href="#[39]">&gt;&gt;</a>&nbsp;&nbsp;&nbsp;MemLoc
</UL>

<P><STRONG><a name="[3e]"></a>Mem_3_Loc</STRONG> (Thumb, 0 bytes, Stack size unknown bytes, mem_3_loc.o(PROGRAM))
<BR><BR>[Calls]<UL><LI><a href="#[3a]">&gt;&gt;</a>&nbsp;&nbsp;&nbsp;division
<LI><a href="#[26]">&gt;&gt;</a>&nbsp;&nbsp;&nbsp;LCD_command
<LI><a href="#[22]">&gt;&gt;</a>&nbsp;&nbsp;&nbsp;LCD_init1
<LI><a href="#[24]">&gt;&gt;</a>&nbsp;&nbsp;&nbsp;BusyWait
</UL>
<BR>[Called By]<UL><LI><a href="#[39]">&gt;&gt;</a>&nbsp;&nbsp;&nbsp;MemLoc
</UL>

<P><STRONG><a name="[3f]"></a>Mem_4_Loc</STRONG> (Thumb, 0 bytes, Stack size unknown bytes, mem_4_loc.o(PROGRAM))
<BR><BR>[Calls]<UL><LI><a href="#[3a]">&gt;&gt;</a>&nbsp;&nbsp;&nbsp;division
<LI><a href="#[26]">&gt;&gt;</a>&nbsp;&nbsp;&nbsp;LCD_command
<LI><a href="#[22]">&gt;&gt;</a>&nbsp;&nbsp;&nbsp;LCD_init1
<LI><a href="#[24]">&gt;&gt;</a>&nbsp;&nbsp;&nbsp;BusyWait
</UL>
<BR>[Called By]<UL><LI><a href="#[39]">&gt;&gt;</a>&nbsp;&nbsp;&nbsp;MemLoc
</UL>

<P><STRONG><a name="[40]"></a>Mem_5_Loc</STRONG> (Thumb, 0 bytes, Stack size unknown bytes, mem_5_loc.o(PROGRAM))
<BR><BR>[Calls]<UL><LI><a href="#[3a]">&gt;&gt;</a>&nbsp;&nbsp;&nbsp;division
<LI><a href="#[26]">&gt;&gt;</a>&nbsp;&nbsp;&nbsp;LCD_command
<LI><a href="#[22]">&gt;&gt;</a>&nbsp;&nbsp;&nbsp;LCD_init1
<LI><a href="#[24]">&gt;&gt;</a>&nbsp;&nbsp;&nbsp;BusyWait
</UL>
<BR>[Called By]<UL><LI><a href="#[39]">&gt;&gt;</a>&nbsp;&nbsp;&nbsp;MemLoc
</UL>

<P><STRONG><a name="[41]"></a>Mem_6_Loc</STRONG> (Thumb, 0 bytes, Stack size unknown bytes, mem_6_loc.o(PROGRAM))
<BR><BR>[Calls]<UL><LI><a href="#[3a]">&gt;&gt;</a>&nbsp;&nbsp;&nbsp;division
<LI><a href="#[26]">&gt;&gt;</a>&nbsp;&nbsp;&nbsp;LCD_command
<LI><a href="#[22]">&gt;&gt;</a>&nbsp;&nbsp;&nbsp;LCD_init1
<LI><a href="#[24]">&gt;&gt;</a>&nbsp;&nbsp;&nbsp;BusyWait
</UL>
<BR>[Called By]<UL><LI><a href="#[39]">&gt;&gt;</a>&nbsp;&nbsp;&nbsp;MemLoc
</UL>

<P><STRONG><a name="[42]"></a>Mem_7_Loc</STRONG> (Thumb, 0 bytes, Stack size unknown bytes, mem_7_loc.o(PROGRAM))
<BR><BR>[Calls]<UL><LI><a href="#[3a]">&gt;&gt;</a>&nbsp;&nbsp;&nbsp;division
<LI><a href="#[26]">&gt;&gt;</a>&nbsp;&nbsp;&nbsp;LCD_command
<LI><a href="#[22]">&gt;&gt;</a>&nbsp;&nbsp;&nbsp;LCD_init1
<LI><a href="#[24]">&gt;&gt;</a>&nbsp;&nbsp;&nbsp;BusyWait
</UL>
<BR>[Called By]<UL><LI><a href="#[39]">&gt;&gt;</a>&nbsp;&nbsp;&nbsp;MemLoc
</UL>

<P><STRONG><a name="[43]"></a>Mem_8_Loc</STRONG> (Thumb, 0 bytes, Stack size unknown bytes, mem_8_loc.o(PROGRAM))
<BR><BR>[Calls]<UL><LI><a href="#[3a]">&gt;&gt;</a>&nbsp;&nbsp;&nbsp;division
<LI><a href="#[26]">&gt;&gt;</a>&nbsp;&nbsp;&nbsp;LCD_command
<LI><a href="#[22]">&gt;&gt;</a>&nbsp;&nbsp;&nbsp;LCD_init1
<LI><a href="#[24]">&gt;&gt;</a>&nbsp;&nbsp;&nbsp;BusyWait
</UL>
<BR>[Called By]<UL><LI><a href="#[39]">&gt;&gt;</a>&nbsp;&nbsp;&nbsp;MemLoc
</UL>

<P><STRONG><a name="[44]"></a>Mem_9_Loc</STRONG> (Thumb, 0 bytes, Stack size unknown bytes, mem_9_loc.o(PROGRAM))
<BR><BR>[Calls]<UL><LI><a href="#[3a]">&gt;&gt;</a>&nbsp;&nbsp;&nbsp;division
<LI><a href="#[26]">&gt;&gt;</a>&nbsp;&nbsp;&nbsp;LCD_command
<LI><a href="#[22]">&gt;&gt;</a>&nbsp;&nbsp;&nbsp;LCD_init1
<LI><a href="#[24]">&gt;&gt;</a>&nbsp;&nbsp;&nbsp;BusyWait
</UL>
<BR>[Called By]<UL><LI><a href="#[39]">&gt;&gt;</a>&nbsp;&nbsp;&nbsp;MemLoc
</UL>

<P><STRONG><a name="[2d]"></a>Mem_0_Rec</STRONG> (Thumb, 0 bytes, Stack size unknown bytes, mem_0_rec.o(PROGRAM))
<BR><BR>[Calls]<UL><LI><a href="#[46]">&gt;&gt;</a>&nbsp;&nbsp;&nbsp;MR1_input
<LI><a href="#[45]">&gt;&gt;</a>&nbsp;&nbsp;&nbsp;MR0_input
<LI><a href="#[3a]">&gt;&gt;</a>&nbsp;&nbsp;&nbsp;division
<LI><a href="#[26]">&gt;&gt;</a>&nbsp;&nbsp;&nbsp;LCD_command
<LI><a href="#[22]">&gt;&gt;</a>&nbsp;&nbsp;&nbsp;LCD_init1
<LI><a href="#[23]">&gt;&gt;</a>&nbsp;&nbsp;&nbsp;LCD_data
<LI><a href="#[24]">&gt;&gt;</a>&nbsp;&nbsp;&nbsp;BusyWait
</UL>
<BR>[Called By]<UL><LI><a href="#[2c]">&gt;&gt;</a>&nbsp;&nbsp;&nbsp;MemRec
</UL>

<P><STRONG><a name="[2e]"></a>Mem_1_Rec</STRONG> (Thumb, 0 bytes, Stack size unknown bytes, mem_1_rec.o(PROGRAM))
<BR><BR>[Calls]<UL><LI><a href="#[46]">&gt;&gt;</a>&nbsp;&nbsp;&nbsp;MR1_input
<LI><a href="#[45]">&gt;&gt;</a>&nbsp;&nbsp;&nbsp;MR0_input
<LI><a href="#[3a]">&gt;&gt;</a>&nbsp;&nbsp;&nbsp;division
<LI><a href="#[26]">&gt;&gt;</a>&nbsp;&nbsp;&nbsp;LCD_command
<LI><a href="#[22]">&gt;&gt;</a>&nbsp;&nbsp;&nbsp;LCD_init1
<LI><a href="#[23]">&gt;&gt;</a>&nbsp;&nbsp;&nbsp;LCD_data
<LI><a href="#[24]">&gt;&gt;</a>&nbsp;&nbsp;&nbsp;BusyWait
</UL>
<BR>[Called By]<UL><LI><a href="#[2c]">&gt;&gt;</a>&nbsp;&nbsp;&nbsp;MemRec
</UL>

<P><STRONG><a name="[2f]"></a>Mem_2_Rec</STRONG> (Thumb, 0 bytes, Stack size unknown bytes, mem_2_rec.o(PROGRAM))
<BR><BR>[Calls]<UL><LI><a href="#[46]">&gt;&gt;</a>&nbsp;&nbsp;&nbsp;MR1_input
<LI><a href="#[45]">&gt;&gt;</a>&nbsp;&nbsp;&nbsp;MR0_input
<LI><a href="#[3a]">&gt;&gt;</a>&nbsp;&nbsp;&nbsp;division
<LI><a href="#[26]">&gt;&gt;</a>&nbsp;&nbsp;&nbsp;LCD_command
<LI><a href="#[22]">&gt;&gt;</a>&nbsp;&nbsp;&nbsp;LCD_init1
<LI><a href="#[23]">&gt;&gt;</a>&nbsp;&nbsp;&nbsp;LCD_data
<LI><a href="#[24]">&gt;&gt;</a>&nbsp;&nbsp;&nbsp;BusyWait
</UL>
<BR>[Called By]<UL><LI><a href="#[2c]">&gt;&gt;</a>&nbsp;&nbsp;&nbsp;MemRec
</UL>

<P><STRONG><a name="[30]"></a>Mem_3_Rec</STRONG> (Thumb, 0 bytes, Stack size unknown bytes, mem_3_rec.o(PROGRAM))
<BR><BR>[Calls]<UL><LI><a href="#[46]">&gt;&gt;</a>&nbsp;&nbsp;&nbsp;MR1_input
<LI><a href="#[45]">&gt;&gt;</a>&nbsp;&nbsp;&nbsp;MR0_input
<LI><a href="#[3a]">&gt;&gt;</a>&nbsp;&nbsp;&nbsp;division
<LI><a href="#[26]">&gt;&gt;</a>&nbsp;&nbsp;&nbsp;LCD_command
<LI><a href="#[22]">&gt;&gt;</a>&nbsp;&nbsp;&nbsp;LCD_init1
<LI><a href="#[23]">&gt;&gt;</a>&nbsp;&nbsp;&nbsp;LCD_data
<LI><a href="#[24]">&gt;&gt;</a>&nbsp;&nbsp;&nbsp;BusyWait
</UL>
<BR>[Called By]<UL><LI><a href="#[2c]">&gt;&gt;</a>&nbsp;&nbsp;&nbsp;MemRec
</UL>

<P><STRONG><a name="[31]"></a>Mem_4_Rec</STRONG> (Thumb, 0 bytes, Stack size unknown bytes, mem_4_rec.o(PROGRAM))
<BR><BR>[Calls]<UL><LI><a href="#[46]">&gt;&gt;</a>&nbsp;&nbsp;&nbsp;MR1_input
<LI><a href="#[45]">&gt;&gt;</a>&nbsp;&nbsp;&nbsp;MR0_input
<LI><a href="#[3a]">&gt;&gt;</a>&nbsp;&nbsp;&nbsp;division
<LI><a href="#[26]">&gt;&gt;</a>&nbsp;&nbsp;&nbsp;LCD_command
<LI><a href="#[22]">&gt;&gt;</a>&nbsp;&nbsp;&nbsp;LCD_init1
<LI><a href="#[23]">&gt;&gt;</a>&nbsp;&nbsp;&nbsp;LCD_data
<LI><a href="#[24]">&gt;&gt;</a>&nbsp;&nbsp;&nbsp;BusyWait
</UL>
<BR>[Called By]<UL><LI><a href="#[2c]">&gt;&gt;</a>&nbsp;&nbsp;&nbsp;MemRec
</UL>

<P><STRONG><a name="[32]"></a>Mem_5_Rec</STRONG> (Thumb, 0 bytes, Stack size unknown bytes, mem_5_rec.o(PROGRAM))
<BR><BR>[Calls]<UL><LI><a href="#[46]">&gt;&gt;</a>&nbsp;&nbsp;&nbsp;MR1_input
<LI><a href="#[45]">&gt;&gt;</a>&nbsp;&nbsp;&nbsp;MR0_input
<LI><a href="#[3a]">&gt;&gt;</a>&nbsp;&nbsp;&nbsp;division
<LI><a href="#[26]">&gt;&gt;</a>&nbsp;&nbsp;&nbsp;LCD_command
<LI><a href="#[22]">&gt;&gt;</a>&nbsp;&nbsp;&nbsp;LCD_init1
<LI><a href="#[23]">&gt;&gt;</a>&nbsp;&nbsp;&nbsp;LCD_data
<LI><a href="#[24]">&gt;&gt;</a>&nbsp;&nbsp;&nbsp;BusyWait
</UL>
<BR>[Called By]<UL><LI><a href="#[2c]">&gt;&gt;</a>&nbsp;&nbsp;&nbsp;MemRec
</UL>

<P><STRONG><a name="[33]"></a>Mem_6_Rec</STRONG> (Thumb, 0 bytes, Stack size unknown bytes, mem_6_rec.o(PROGRAM))
<BR><BR>[Calls]<UL><LI><a href="#[46]">&gt;&gt;</a>&nbsp;&nbsp;&nbsp;MR1_input
<LI><a href="#[45]">&gt;&gt;</a>&nbsp;&nbsp;&nbsp;MR0_input
<LI><a href="#[3a]">&gt;&gt;</a>&nbsp;&nbsp;&nbsp;division
<LI><a href="#[26]">&gt;&gt;</a>&nbsp;&nbsp;&nbsp;LCD_command
<LI><a href="#[22]">&gt;&gt;</a>&nbsp;&nbsp;&nbsp;LCD_init1
<LI><a href="#[23]">&gt;&gt;</a>&nbsp;&nbsp;&nbsp;LCD_data
<LI><a href="#[24]">&gt;&gt;</a>&nbsp;&nbsp;&nbsp;BusyWait
</UL>
<BR>[Called By]<UL><LI><a href="#[2c]">&gt;&gt;</a>&nbsp;&nbsp;&nbsp;MemRec
</UL>

<P><STRONG><a name="[34]"></a>Mem_7_Rec</STRONG> (Thumb, 0 bytes, Stack size unknown bytes, mem_7_rec.o(PROGRAM))
<BR><BR>[Calls]<UL><LI><a href="#[46]">&gt;&gt;</a>&nbsp;&nbsp;&nbsp;MR1_input
<LI><a href="#[45]">&gt;&gt;</a>&nbsp;&nbsp;&nbsp;MR0_input
<LI><a href="#[3a]">&gt;&gt;</a>&nbsp;&nbsp;&nbsp;division
<LI><a href="#[26]">&gt;&gt;</a>&nbsp;&nbsp;&nbsp;LCD_command
<LI><a href="#[22]">&gt;&gt;</a>&nbsp;&nbsp;&nbsp;LCD_init1
<LI><a href="#[23]">&gt;&gt;</a>&nbsp;&nbsp;&nbsp;LCD_data
<LI><a href="#[24]">&gt;&gt;</a>&nbsp;&nbsp;&nbsp;BusyWait
</UL>
<BR>[Called By]<UL><LI><a href="#[2c]">&gt;&gt;</a>&nbsp;&nbsp;&nbsp;MemRec
</UL>

<P><STRONG><a name="[35]"></a>Mem_8_Rec</STRONG> (Thumb, 0 bytes, Stack size unknown bytes, mem_8_rec.o(PROGRAM))
<BR><BR>[Calls]<UL><LI><a href="#[46]">&gt;&gt;</a>&nbsp;&nbsp;&nbsp;MR1_input
<LI><a href="#[45]">&gt;&gt;</a>&nbsp;&nbsp;&nbsp;MR0_input
<LI><a href="#[3a]">&gt;&gt;</a>&nbsp;&nbsp;&nbsp;division
<LI><a href="#[26]">&gt;&gt;</a>&nbsp;&nbsp;&nbsp;LCD_command
<LI><a href="#[22]">&gt;&gt;</a>&nbsp;&nbsp;&nbsp;LCD_init1
<LI><a href="#[23]">&gt;&gt;</a>&nbsp;&nbsp;&nbsp;LCD_data
<LI><a href="#[24]">&gt;&gt;</a>&nbsp;&nbsp;&nbsp;BusyWait
</UL>
<BR>[Called By]<UL><LI><a href="#[2c]">&gt;&gt;</a>&nbsp;&nbsp;&nbsp;MemRec
</UL>

<P><STRONG><a name="[36]"></a>Mem_9_Rec</STRONG> (Thumb, 0 bytes, Stack size unknown bytes, mem_9_rec.o(PROGRAM))
<BR><BR>[Calls]<UL><LI><a href="#[46]">&gt;&gt;</a>&nbsp;&nbsp;&nbsp;MR1_input
<LI><a href="#[45]">&gt;&gt;</a>&nbsp;&nbsp;&nbsp;MR0_input
<LI><a href="#[3a]">&gt;&gt;</a>&nbsp;&nbsp;&nbsp;division
<LI><a href="#[26]">&gt;&gt;</a>&nbsp;&nbsp;&nbsp;LCD_command
<LI><a href="#[22]">&gt;&gt;</a>&nbsp;&nbsp;&nbsp;LCD_init1
<LI><a href="#[23]">&gt;&gt;</a>&nbsp;&nbsp;&nbsp;LCD_data
<LI><a href="#[24]">&gt;&gt;</a>&nbsp;&nbsp;&nbsp;BusyWait
</UL>
<BR>[Called By]<UL><LI><a href="#[2c]">&gt;&gt;</a>&nbsp;&nbsp;&nbsp;MemRec
</UL>
<P>
<H3>
Local Symbols
</H3><P>
<H3>
Undefined Global Symbols
</H3><HR></body></html>
