<html>
<body>
<pre>
<h1>µVision Build Log</h1>
<h2>Tool Versions:</h2>
IDE-Version: µVision V5.37.0.0
Copyright (C) 2022 ARM Ltd and ARM Germany GmbH. All rights reserved.
License Information: Andrey Kretsu, SCSU, LIC=----
 
Tool Versions:
Toolchain:       MDK-Lite  Version: 5.37.0.0
Toolchain Path:  C:\Keil_v5\ARM\ARMCLANG\Bin
C Compiler:      ArmClang.exe V6.18
Assembler:       Armasm.exe V6.18
Linker/Locator:  ArmLink.exe V6.18
Library Manager: ArmAr.exe V6.18
Hex Converter:   FromElf.exe V6.18
CPU DLL:         SARMCM3.DLL V5.37.0.0
Dialog DLL:      DARMP1.DLL V1.28.1.0
Target DLL:      STLink\ST-LINKIII-KEIL_SWO.dll V3.0.9.0
Dialog DLL:      TARMP1.DLL V1.27.1.0
 
<h2>Project:</h2>
C:\Users\andre\Documents\Fall 2022\ECE 323-01 Intro to Microprocessor\Midterm\Program\Level 3\Midterm_v1\lab6.uvproj
Project File Date:  10/31/2022

<h2>Output:</h2>
*** Using Compiler 'V6.18', folder: 'C:\Keil_v5\ARM\ARMCLANG\Bin'
Rebuild target 'Target 1'
assembling DisplayChan.s...
assembling DisplayRecall.s...
assembling ChannelLoc.s...
assembling DisplayT0.s...
assembling BusyWait.s...
assembling DisplayMemLoc.s...
assembling startup_LPC11xx.s...
assembling DisplayT1.s...
assembling init.s...
"Keypad_init.s", line 62: Warning: A1581W: Added 2 bytes of padding at address 0x52
   62 00000054  END
0 Errors, 1 Warning
assembling Keypad_init.s...
assembling LCD_init.s...
assembling LCD_command.s...
assembling LCD_data.s...
assembling LCD_init1.s...
assembling main.s...
assembling MemRec.s...
assembling Name.s...
"PIOINT0_IRQHandler.s", line 538: Warning: A1581W: Added 2 bytes of padding at address 0x20a
  538 0000020c  END
0 Errors, 1 Warning
assembling PIOINT0_IRQHandler.s...
assembling T0_value.s...
assembling print_string.s...
assembling T1_value.s...
assembling TIMER32_0_IRQHandler.s...
assembling Chan_LED_on.s...
assembling division.s...
assembling MemLoc.s...
assembling MR0_input.s...
assembling Mem_0_Loc.s...
assembling MR1_input.s...
assembling Mem_1_Loc.s...
assembling Mem_2_Loc.s...
assembling Mem_3_Loc.s...
assembling Mem_4_Loc.s...
assembling Mem_5_Loc.s...
assembling Mem_6_Loc.s...
assembling Mem_7_Loc.s...
assembling Mem_8_Loc.s...
assembling Mem_0_Rec.s...
assembling Mem_9_Loc.s...
assembling Mem_1_Rec.s...
assembling Mem_2_Rec.s...
assembling Mem_3_Rec.s...
assembling Mem_4_Rec.s...
assembling Mem_5_Rec.s...
assembling Mem_6_Rec.s...
assembling Mem_7_Rec.s...
assembling Mem_8_Rec.s...
assembling Mem_9_Rec.s...
linking...
.\Objects\lab6.sct(8): warning: L6314W: No section matches pattern *(InRoot$$Sections).
Program Size: Code=4240 RO-data=192 RW-data=0 ZI-data=512  
Finished: 0 information, 1 warning and 0 error messages.
".\Objects\lab6.axf" - 0 Error(s), 1 Warning(s).
Build Time Elapsed:  00:00:08
</pre>
</body>
</html>
